nohup: ignoring input
======================================================================
Complete Epithelial Cell Analysis Pipeline v2.0
======================================================================

Library versions:
   scanpy: 1.9.8
   numpy: 1.24.4
   pandas: 2.0.3

✓ All libraries loaded successfully

======================================================================
Master Configuration Loaded
======================================================================

📁 Input: /home/h2048/data/py/1128/bbknn_celltype_analysis/Epithelial/adata_Epithelial_bbknn.h5ad
📁 Output: /home/h2048/data/py/1202/bbknn_celltype_analysis/Epithelial/output_complete_pipeline

🔬 Pipeline Steps:
   ✅ BBKNN Integration
   ✅ Harmony Correction
   ✅ cNMF - Uncorrected
   ✅ cNMF - Harmony
   ✅ GEP-Cluster Mapping

🎯 Key Parameters:
   cNMF K: 15
   Harmony theta: 1.0 (lower=gentler)
   Harmony lambda: 6.0 (higher=conservative)
   Cluster key: leiden_bbknn

✓ Environment initialized
   Output structure created: /home/h2048/data/py/1202/bbknn_celltype_analysis/Epithelial/output_complete_pipeline
Marker genes defined:
   Total markers: 67
   Force include: 67

======================================================================
Section 1: Data Loading & Preprocessing
======================================================================

Loading: /home/h2048/data/py/1128/bbknn_celltype_analysis/Epithelial/adata_Epithelial_bbknn.h5ad
✓ Data loaded
   Cells: 278,930
   Genes: 53,973

Batch distribution (key: dataset):
   Banovich_Kropski_2020: 9,139 cells (3.3%)
   Barbry_Leroy_2020: 25,821 cells (9.3%)
   Guanrui_Liao_2025: 3,998 cells (1.4%)
   Jain_Misharin_2021_10Xv1: 8,596 cells (3.1%)
   Jain_Misharin_2021_10Xv2: 19,972 cells (7.2%)
   Jennifer_P_Wang_2021: 1,166 cells (0.4%)
   Ji_Hoon_Ahn_2021: 15,350 cells (5.5%)
   Kerstin_B_Meyer_2021: 62,054 cells (22.2%)
   Lafyatis_Rojas_2019_10Xv1: 166 cells (0.1%)
   Lafyatis_Rojas_2019_10Xv2: 679 cells (0.2%)
   Maya_E_Kotas_2022: 45,673 cells (16.4%)
   Meyer_2019: 1,891 cells (0.7%)
   Misharin_2021: 9,040 cells (3.2%)
   Misharin_Budinger_2018: 9,929 cells (3.6%)
   Nawijn_2021: 25,651 cells (9.2%)
   Ordovas_Montanes_2018: 5,425 cells (1.9%)
   Seibold_2020_10Xv2: 3,910 cells (1.4%)
   Seibold_2020_10Xv3: 3,710 cells (1.3%)
   Tine_Wils_2024: 5,559 cells (2.0%)
   Waradon_Sungnak_2020: 6,338 cells (2.3%)
   Weiqing_Wang_2022: 12,507 cells (4.5%)
   Xinyu_Xie_2024: 2,356 cells (0.8%)

Filtering genes (min.cells=3)...
   ✓ Removed 0 genes (0.0%)
   ✓ Remaining: 53,973 genes

Preserving raw counts...
   ✓ Raw counts saved to layers['counts']

Selecting HVGs (n=3000)...
   ⚠️ Fallback to HVG without batch_key
   HVGs: 3000
   Force included: 67
   Total kept: 3013

Normalizing and log-transforming...
WARNING: adata.X seems to be already log-transformed.
   ✓ Full matrix processed
WARNING: adata.X seems to be already log-transformed.
   ✓ HVG subset created: 3013 genes
   ✓ Set adata_hvg.raw = adata_full

Running PCA (n=50)...
   PC1-10: 34.57%
   PC1-30: 43.71%
   PC1-50: 47.77%

💾 Saving preprocessing checkpoint...
   ✓ Saved: /home/h2048/data/py/1202/bbknn_celltype_analysis/Epithelial/output_complete_pipeline/checkpoint_preprocessed.h5ad

✅ Section 1 complete (884.7s)
======================================================================

======================================================================
Section 2: BBKNN Batch Integration
======================================================================

BBKNN parameters:
   batch_key: dataset
   neighbors_within_batch: 3
   n_pcs: 50

Running BBKNN...
   ✓ BBKNN complete

Running UMAP (min_dist=0.5)...
   ✓ UMAP complete

Multi-resolution Leiden clustering...
   Resolution 1.2: 21 clusters
   Resolution 1.6: 27 clusters
   Resolution 2.0: 29 clusters
   Resolution 2.4: 38 clusters
   Resolution 2.8: 39 clusters
   ✓ Default: leiden_bbknn_res2.0

Generating BBKNN visualizations...
   ✓ Saved: bbknn_overview.png

Backfilling results to full dataset...
   ✓ Results backfilled

💾 Saving BBKNN checkpoint...
   ✓ Saved: /home/h2048/data/py/1202/bbknn_celltype_analysis/Epithelial/output_complete_pipeline/checkpoint_bbknn.h5ad

✅ Section 2 complete (7563.2s)
======================================================================
harmonypy version: 0.0.10

======================================================================
Section 3: Harmony Batch Correction (Anti-Overcorrection)
======================================================================

Harmony strategy: Limited PC correction
   Only correct first 30/50 PCs
   theta=1.0 (lower=gentler)
   lambda=6.0 (higher=conservative)

Running Harmony...
2025-12-02 03:20:35,324 - harmonypy - INFO - Computing initial centroids with sklearn.KMeans...
2025-12-02 03:22:18,209 - harmonypy - INFO - sklearn.KMeans initialization complete.
2025-12-02 03:22:20,181 - harmonypy - INFO - Iteration 1 of 20
2025-12-02 03:26:41,488 - harmonypy - INFO - Iteration 2 of 20
2025-12-02 03:30:59,941 - harmonypy - INFO - Iteration 3 of 20
2025-12-02 03:35:15,642 - harmonypy - INFO - Iteration 4 of 20
2025-12-02 03:39:34,667 - harmonypy - INFO - Iteration 5 of 20
2025-12-02 03:43:56,009 - harmonypy - INFO - Converged after 5 iterations
   ✓ Harmony complete
   Combined: 30 corrected + 20 original PCs

Computing UMAP on Harmony PCs...
   ✓ UMAP complete

Multi-resolution clustering...
   Resolution 1.2: 45 clusters
   Resolution 1.6: 53 clusters
   Resolution 2.0: 65 clusters
   Resolution 2.4: 74 clusters
   Resolution 2.8: 83 clusters

🔍 Running quality diagnostics...
   ⚠️  Diagnostic test failed: Number of labels is 1. Valid values are 2 to n_samples - 1 (inclusive)

Backfilling Harmony results...
   ✓ Results backfilled

💾 Saving Harmony checkpoint...
   ✓ Saved: /home/h2048/data/py/1202/bbknn_celltype_analysis/Epithelial/output_complete_pipeline/checkpoint_harmony.h5ad

✅ Section 3 complete (8178.4s)
======================================================================
cNMF already installed

======================================================================
Section 4: cNMF - Uncorrected (Baseline)
======================================================================

cNMF parameters:
   K values to test: [10, 15, 20, 25, 30]
   Iterations per K: 100
   HVG count: 2000
   Selected K for analysis: 15

⏱️  Estimated time: 6973 minutes (116.2 hours)
   (based on 278,930 cells, 5 K values, 100 iterations)

   ☕ This is a good time for coffee...

Preparing data...
   ✓ Saved: /home/h2048/data/py/1202/bbknn_celltype_analysis/Epithelial/output_complete_pipeline/cnmf_results/epithelial_raw_counts.h5ad

Step 1/4: Prepare...
   ✓ Complete

Step 2/4: Factorize (THIS WILL TAKE A WHILE)...
[Worker 0]. Starting task 0.
[Worker 0]. Starting task 1.
[Worker 0]. Starting task 2.
[Worker 0]. Starting task 3.
[Worker 0]. Starting task 4.
[Worker 0]. Starting task 5.
[Worker 0]. Starting task 6.
[Worker 0]. Starting task 7.
[Worker 0]. Starting task 8.
[Worker 0]. Starting task 9.
[Worker 0]. Starting task 10.
[Worker 0]. Starting task 11.
[Worker 0]. Starting task 12.
[Worker 0]. Starting task 13.
[Worker 0]. Starting task 14.
[Worker 0]. Starting task 15.
[Worker 0]. Starting task 16.
[Worker 0]. Starting task 17.
[Worker 0]. Starting task 18.
[Worker 0]. Starting task 19.
[Worker 0]. Starting task 20.
[Worker 0]. Starting task 21.
[Worker 0]. Starting task 22.
[Worker 0]. Starting task 23.
[Worker 0]. Starting task 24.
[Worker 0]. Starting task 25.
[Worker 0]. Starting task 26.
[Worker 0]. Starting task 27.
[Worker 0]. Starting task 28.
[Worker 0]. Starting task 29.
[Worker 0]. Starting task 30.
[Worker 0]. Starting task 31.
[Worker 0]. Starting task 32.
[Worker 0]. Starting task 33.
[Worker 0]. Starting task 34.
[Worker 0]. Starting task 35.
[Worker 0]. Starting task 36.
[Worker 0]. Starting task 37.
[Worker 0]. Starting task 38.
[Worker 0]. Starting task 39.
[Worker 0]. Starting task 40.
[Worker 0]. Starting task 41.
[Worker 0]. Starting task 42.
[Worker 0]. Starting task 43.
[Worker 0]. Starting task 44.
[Worker 0]. Starting task 45.
[Worker 0]. Starting task 46.
[Worker 0]. Starting task 47.
[Worker 0]. Starting task 48.
[Worker 0]. Starting task 49.
[Worker 0]. Starting task 50.
[Worker 0]. Starting task 51.
[Worker 0]. Starting task 52.
[Worker 0]. Starting task 53.
[Worker 0]. Starting task 54.
[Worker 0]. Starting task 55.
[Worker 0]. Starting task 56.
[Worker 0]. Starting task 57.
[Worker 0]. Starting task 58.
[Worker 0]. Starting task 59.
[Worker 0]. Starting task 60.
[Worker 0]. Starting task 61.
[Worker 0]. Starting task 62.
[Worker 0]. Starting task 63.
[Worker 0]. Starting task 64.
[Worker 0]. Starting task 65.
[Worker 0]. Starting task 66.
[Worker 0]. Starting task 67.
[Worker 0]. Starting task 68.
[Worker 0]. Starting task 69.
[Worker 0]. Starting task 70.
[Worker 0]. Starting task 71.
[Worker 0]. Starting task 72.
[Worker 0]. Starting task 73.
[Worker 0]. Starting task 74.
[Worker 0]. Starting task 75.
[Worker 0]. Starting task 76.
[Worker 0]. Starting task 77.
[Worker 0]. Starting task 78.
[Worker 0]. Starting task 79.
[Worker 0]. Starting task 80.
[Worker 0]. Starting task 81.
[Worker 0]. Starting task 82.
[Worker 0]. Starting task 83.
[Worker 0]. Starting task 84.
[Worker 0]. Starting task 85.
[Worker 0]. Starting task 86.
[Worker 0]. Starting task 87.
[Worker 0]. Starting task 88.
[Worker 0]. Starting task 89.
[Worker 0]. Starting task 90.
[Worker 0]. Starting task 91.
[Worker 0]. Starting task 92.
[Worker 0]. Starting task 93.
[Worker 0]. Starting task 94.
[Worker 0]. Starting task 95.
[Worker 0]. Starting task 96.
[Worker 0]. Starting task 97.
[Worker 0]. Starting task 98.
[Worker 0]. Starting task 99.
[Worker 0]. Starting task 100.
[Worker 0]. Starting task 101.
[Worker 0]. Starting task 102.
[Worker 0]. Starting task 103.
[Worker 0]. Starting task 104.
[Worker 0]. Starting task 105.
[Worker 0]. Starting task 106.
[Worker 0]. Starting task 107.
[Worker 0]. Starting task 108.
[Worker 0]. Starting task 109.
[Worker 0]. Starting task 110.
[Worker 0]. Starting task 111.
[Worker 0]. Starting task 112.
[Worker 0]. Starting task 113.
[Worker 0]. Starting task 114.
[Worker 0]. Starting task 115.
[Worker 0]. Starting task 116.
[Worker 0]. Starting task 117.
[Worker 0]. Starting task 118.
[Worker 0]. Starting task 119.
[Worker 0]. Starting task 120.
[Worker 0]. Starting task 121.
[Worker 0]. Starting task 122.
[Worker 0]. Starting task 123.
[Worker 0]. Starting task 124.
[Worker 0]. Starting task 125.
[Worker 0]. Starting task 126.
[Worker 0]. Starting task 127.
[Worker 0]. Starting task 128.
[Worker 0]. Starting task 129.
[Worker 0]. Starting task 130.
[Worker 0]. Starting task 131.
[Worker 0]. Starting task 132.
[Worker 0]. Starting task 133.
[Worker 0]. Starting task 134.
[Worker 0]. Starting task 135.
[Worker 0]. Starting task 136.
[Worker 0]. Starting task 137.
[Worker 0]. Starting task 138.
[Worker 0]. Starting task 139.
[Worker 0]. Starting task 140.
[Worker 0]. Starting task 141.
[Worker 0]. Starting task 142.
[Worker 0]. Starting task 143.
[Worker 0]. Starting task 144.
[Worker 0]. Starting task 145.
[Worker 0]. Starting task 146.
[Worker 0]. Starting task 147.
[Worker 0]. Starting task 148.
[Worker 0]. Starting task 149.
[Worker 0]. Starting task 150.
[Worker 0]. Starting task 151.
[Worker 0]. Starting task 152.
[Worker 0]. Starting task 153.
[Worker 0]. Starting task 154.
[Worker 0]. Starting task 155.
[Worker 0]. Starting task 156.
[Worker 0]. Starting task 157.
[Worker 0]. Starting task 158.
[Worker 0]. Starting task 159.
[Worker 0]. Starting task 160.
[Worker 0]. Starting task 161.
[Worker 0]. Starting task 162.
[Worker 0]. Starting task 163.
[Worker 0]. Starting task 164.
[Worker 0]. Starting task 165.
[Worker 0]. Starting task 166.
[Worker 0]. Starting task 167.
[Worker 0]. Starting task 168.
[Worker 0]. Starting task 169.
[Worker 0]. Starting task 170.
[Worker 0]. Starting task 171.
[Worker 0]. Starting task 172.
[Worker 0]. Starting task 173.
[Worker 0]. Starting task 174.
[Worker 0]. Starting task 175.
[Worker 0]. Starting task 176.
[Worker 0]. Starting task 177.
[Worker 0]. Starting task 178.
[Worker 0]. Starting task 179.
[Worker 0]. Starting task 180.
[Worker 0]. Starting task 181.
[Worker 0]. Starting task 182.
[Worker 0]. Starting task 183.
[Worker 0]. Starting task 184.
[Worker 0]. Starting task 185.
[Worker 0]. Starting task 186.
[Worker 0]. Starting task 187.
[Worker 0]. Starting task 188.
[Worker 0]. Starting task 189.
[Worker 0]. Starting task 190.
[Worker 0]. Starting task 191.
[Worker 0]. Starting task 192.
[Worker 0]. Starting task 193.
[Worker 0]. Starting task 194.
[Worker 0]. Starting task 195.
[Worker 0]. Starting task 196.
[Worker 0]. Starting task 197.
[Worker 0]. Starting task 198.
[Worker 0]. Starting task 199.
[Worker 0]. Starting task 200.
[Worker 0]. Starting task 201.
[Worker 0]. Starting task 202.
[Worker 0]. Starting task 203.
[Worker 0]. Starting task 204.
[Worker 0]. Starting task 205.
[Worker 0]. Starting task 206.
[Worker 0]. Starting task 207.
[Worker 0]. Starting task 208.
[Worker 0]. Starting task 209.
[Worker 0]. Starting task 210.
[Worker 0]. Starting task 211.
[Worker 0]. Starting task 212.
[Worker 0]. Starting task 213.
[Worker 0]. Starting task 214.
[Worker 0]. Starting task 215.
[Worker 0]. Starting task 216.
[Worker 0]. Starting task 217.
[Worker 0]. Starting task 218.
[Worker 0]. Starting task 219.
[Worker 0]. Starting task 220.
[Worker 0]. Starting task 221.
[Worker 0]. Starting task 222.
[Worker 0]. Starting task 223.
[Worker 0]. Starting task 224.
[Worker 0]. Starting task 225.
[Worker 0]. Starting task 226.
[Worker 0]. Starting task 227.
[Worker 0]. Starting task 228.
[Worker 0]. Starting task 229.
[Worker 0]. Starting task 230.
[Worker 0]. Starting task 231.
[Worker 0]. Starting task 232.
[Worker 0]. Starting task 233.
[Worker 0]. Starting task 234.
[Worker 0]. Starting task 235.
[Worker 0]. Starting task 236.
[Worker 0]. Starting task 237.
[Worker 0]. Starting task 238.
[Worker 0]. Starting task 239.
[Worker 0]. Starting task 240.
[Worker 0]. Starting task 241.
[Worker 0]. Starting task 242.
[Worker 0]. Starting task 243.
[Worker 0]. Starting task 244.
[Worker 0]. Starting task 245.
[Worker 0]. Starting task 246.
[Worker 0]. Starting task 247.
[Worker 0]. Starting task 248.
[Worker 0]. Starting task 249.
[Worker 0]. Starting task 250.
[Worker 0]. Starting task 251.
[Worker 0]. Starting task 252.
[Worker 0]. Starting task 253.
[Worker 0]. Starting task 254.
[Worker 0]. Starting task 255.
[Worker 0]. Starting task 256.
[Worker 0]. Starting task 257.
[Worker 0]. Starting task 258.
[Worker 0]. Starting task 259.
[Worker 0]. Starting task 260.
[Worker 0]. Starting task 261.
[Worker 0]. Starting task 262.
[Worker 0]. Starting task 263.
[Worker 0]. Starting task 264.
[Worker 0]. Starting task 265.
[Worker 0]. Starting task 266.
[Worker 0]. Starting task 267.
[Worker 0]. Starting task 268.
[Worker 0]. Starting task 269.
[Worker 0]. Starting task 270.
[Worker 0]. Starting task 271.
[Worker 0]. Starting task 272.
[Worker 0]. Starting task 273.
[Worker 0]. Starting task 274.
[Worker 0]. Starting task 275.
[Worker 0]. Starting task 276.
[Worker 0]. Starting task 277.
[Worker 0]. Starting task 278.
[Worker 0]. Starting task 279.
[Worker 0]. Starting task 280.
[Worker 0]. Starting task 281.
[Worker 0]. Starting task 282.
[Worker 0]. Starting task 283.
[Worker 0]. Starting task 284.
[Worker 0]. Starting task 285.
[Worker 0]. Starting task 286.
[Worker 0]. Starting task 287.
[Worker 0]. Starting task 288.
[Worker 0]. Starting task 289.
[Worker 0]. Starting task 290.
[Worker 0]. Starting task 291.
[Worker 0]. Starting task 292.
[Worker 0]. Starting task 293.
[Worker 0]. Starting task 294.
[Worker 0]. Starting task 295.
[Worker 0]. Starting task 296.
[Worker 0]. Starting task 297.
[Worker 0]. Starting task 298.
[Worker 0]. Starting task 299.
[Worker 0]. Starting task 300.
[Worker 0]. Starting task 301.
[Worker 0]. Starting task 302.
[Worker 0]. Starting task 303.
[Worker 0]. Starting task 304.
[Worker 0]. Starting task 305.
[Worker 0]. Starting task 306.
[Worker 0]. Starting task 307.
[Worker 0]. Starting task 308.
[Worker 0]. Starting task 309.
[Worker 0]. Starting task 310.
[Worker 0]. Starting task 311.
[Worker 0]. Starting task 312.
[Worker 0]. Starting task 313.
[Worker 0]. Starting task 314.
[Worker 0]. Starting task 315.
[Worker 0]. Starting task 316.
[Worker 0]. Starting task 317.
[Worker 0]. Starting task 318.
[Worker 0]. Starting task 319.
[Worker 0]. Starting task 320.
[Worker 0]. Starting task 321.
[Worker 0]. Starting task 322.
[Worker 0]. Starting task 323.
[Worker 0]. Starting task 324.
[Worker 0]. Starting task 325.
[Worker 0]. Starting task 326.
[Worker 0]. Starting task 327.
[Worker 0]. Starting task 328.
[Worker 0]. Starting task 329.
[Worker 0]. Starting task 330.
[Worker 0]. Starting task 331.
[Worker 0]. Starting task 332.
[Worker 0]. Starting task 333.
[Worker 0]. Starting task 334.
[Worker 0]. Starting task 335.
[Worker 0]. Starting task 336.
[Worker 0]. Starting task 337.
[Worker 0]. Starting task 338.
[Worker 0]. Starting task 339.
[Worker 0]. Starting task 340.
[Worker 0]. Starting task 341.
[Worker 0]. Starting task 342.
[Worker 0]. Starting task 343.
[Worker 0]. Starting task 344.
[Worker 0]. Starting task 345.
[Worker 0]. Starting task 346.
[Worker 0]. Starting task 347.
[Worker 0]. Starting task 348.
[Worker 0]. Starting task 349.
[Worker 0]. Starting task 350.
[Worker 0]. Starting task 351.
[Worker 0]. Starting task 352.
[Worker 0]. Starting task 353.
[Worker 0]. Starting task 354.
[Worker 0]. Starting task 355.
[Worker 0]. Starting task 356.
[Worker 0]. Starting task 357.
[Worker 0]. Starting task 358.
[Worker 0]. Starting task 359.
[Worker 0]. Starting task 360.
[Worker 0]. Starting task 361.
[Worker 0]. Starting task 362.
[Worker 0]. Starting task 363.
[Worker 0]. Starting task 364.
[Worker 0]. Starting task 365.
[Worker 0]. Starting task 366.
[Worker 0]. Starting task 367.
[Worker 0]. Starting task 368.
[Worker 0]. Starting task 369.
[Worker 0]. Starting task 370.
[Worker 0]. Starting task 371.
[Worker 0]. Starting task 372.
[Worker 0]. Starting task 373.
[Worker 0]. Starting task 374.
[Worker 0]. Starting task 375.
[Worker 0]. Starting task 376.
[Worker 0]. Starting task 377.
[Worker 0]. Starting task 378.
[Worker 0]. Starting task 379.
[Worker 0]. Starting task 380.
[Worker 0]. Starting task 381.
[Worker 0]. Starting task 382.
[Worker 0]. Starting task 383.
[Worker 0]. Starting task 384.
[Worker 0]. Starting task 385.
[Worker 0]. Starting task 386.
[Worker 0]. Starting task 387.
[Worker 0]. Starting task 388.
[Worker 0]. Starting task 389.
[Worker 0]. Starting task 390.
[Worker 0]. Starting task 391.
[Worker 0]. Starting task 392.
[Worker 0]. Starting task 393.
[Worker 0]. Starting task 394.
[Worker 0]. Starting task 395.
[Worker 0]. Starting task 396.
[Worker 0]. Starting task 397.
[Worker 0]. Starting task 398.
[Worker 0]. Starting task 399.
[Worker 0]. Starting task 400.
[Worker 0]. Starting task 401.
[Worker 0]. Starting task 402.
[Worker 0]. Starting task 403.
[Worker 0]. Starting task 404.
[Worker 0]. Starting task 405.
[Worker 0]. Starting task 406.
[Worker 0]. Starting task 407.
[Worker 0]. Starting task 408.
[Worker 0]. Starting task 409.
[Worker 0]. Starting task 410.
[Worker 0]. Starting task 411.
[Worker 0]. Starting task 412.
[Worker 0]. Starting task 413.
[Worker 0]. Starting task 414.
[Worker 0]. Starting task 415.
[Worker 0]. Starting task 416.
[Worker 0]. Starting task 417.
[Worker 0]. Starting task 418.
[Worker 0]. Starting task 419.
[Worker 0]. Starting task 420.
[Worker 0]. Starting task 421.
[Worker 0]. Starting task 422.
[Worker 0]. Starting task 423.
[Worker 0]. Starting task 424.
[Worker 0]. Starting task 425.
[Worker 0]. Starting task 426.
[Worker 0]. Starting task 427.
[Worker 0]. Starting task 428.
[Worker 0]. Starting task 429.
[Worker 0]. Starting task 430.
[Worker 0]. Starting task 431.
[Worker 0]. Starting task 432.
[Worker 0]. Starting task 433.
[Worker 0]. Starting task 434.
[Worker 0]. Starting task 435.
[Worker 0]. Starting task 436.
[Worker 0]. Starting task 437.
[Worker 0]. Starting task 438.
[Worker 0]. Starting task 439.
[Worker 0]. Starting task 440.
[Worker 0]. Starting task 441.
[Worker 0]. Starting task 442.
[Worker 0]. Starting task 443.
[Worker 0]. Starting task 444.
[Worker 0]. Starting task 445.
[Worker 0]. Starting task 446.
[Worker 0]. Starting task 447.
[Worker 0]. Starting task 448.
[Worker 0]. Starting task 449.
[Worker 0]. Starting task 450.
[Worker 0]. Starting task 451.
[Worker 0]. Starting task 452.
[Worker 0]. Starting task 453.
[Worker 0]. Starting task 454.
[Worker 0]. Starting task 455.
[Worker 0]. Starting task 456.
[Worker 0]. Starting task 457.
[Worker 0]. Starting task 458.
[Worker 0]. Starting task 459.
[Worker 0]. Starting task 460.
[Worker 0]. Starting task 461.
[Worker 0]. Starting task 462.
[Worker 0]. Starting task 463.
[Worker 0]. Starting task 464.
[Worker 0]. Starting task 465.
[Worker 0]. Starting task 466.
[Worker 0]. Starting task 467.
[Worker 0]. Starting task 468.
[Worker 0]. Starting task 469.
[Worker 0]. Starting task 470.
[Worker 0]. Starting task 471.
[Worker 0]. Starting task 472.
[Worker 0]. Starting task 473.
[Worker 0]. Starting task 474.
[Worker 0]. Starting task 475.
[Worker 0]. Starting task 476.
[Worker 0]. Starting task 477.
[Worker 0]. Starting task 478.
[Worker 0]. Starting task 479.
[Worker 0]. Starting task 480.
[Worker 0]. Starting task 481.
[Worker 0]. Starting task 482.
[Worker 0]. Starting task 483.
[Worker 0]. Starting task 484.
[Worker 0]. Starting task 485.
[Worker 0]. Starting task 486.
[Worker 0]. Starting task 487.
[Worker 0]. Starting task 488.
[Worker 0]. Starting task 489.
[Worker 0]. Starting task 490.
[Worker 0]. Starting task 491.
[Worker 0]. Starting task 492.
[Worker 0]. Starting task 493.
[Worker 0]. Starting task 494.
[Worker 0]. Starting task 495.
[Worker 0]. Starting task 496.
[Worker 0]. Starting task 497.
[Worker 0]. Starting task 498.
[Worker 0]. Starting task 499.
   ✓ Complete (1229.1 minutes)

Step 3/4: Combine...
Combining factorizations for k=10.
Combining factorizations for k=15.
Combining factorizations for k=20.
Combining factorizations for k=25.
Combining factorizations for k=30.
   ✓ Complete

Step 4/4: Consensus clustering for each K...
   K=10 complete
   K=15 complete
   K=20 complete
   K=25 complete
   K=30 complete

Loading results for K=15...
   ✓ Loaded: (278930, 15)

Adding GEP scores to adata.
Traceback (most recent call last):
  File "/home/h2048/miniconda3/envs/bbknn_env/lib/python3.9/site-packages/pandas/core/indexes/base.py", line 3653, in get_loc
    return self._engine.get_loc(casted_key)
  File "pandas/_libs/index.pyx", line 147, in pandas._libs.index.IndexEngine.get_loc
  File "pandas/_libs/index.pyx", line 155, in pandas._libs.index.IndexEngine.get_loc
  File "pandas/_libs/index_class_helper.pxi", line 70, in pandas._libs.index.Int64Engine._check_type
KeyError: '1'

The above exception was the direct cause of the following exception:

Traceback (most recent call last):
  File "/home/h2048/script/py/Complete_epithelial_analysis_pipeline_v2.py", line 755, in <module>
    adata_full.obs[f'GEP_{gep}_nocorr'] = usage_nocorr[str(gep)].reindex(adata_full.obs_names).values
  File "/home/h2048/miniconda3/envs/bbknn_env/lib/python3.9/site-packages/pandas/core/frame.py", line 3761, in __getitem__
    indexer = self.columns.get_loc(key)
  File "/home/h2048/miniconda3/envs/bbknn_env/lib/python3.9/site-packages/pandas/core/indexes/base.py", line 3655, in get_loc
    raise KeyError(key) from err
KeyError: '1'
