nohup: ignoring input
✓ Libraries loaded
✓ Configuration set
   Data: /home/h2048/data/py/1202/bbknn_celltype_analysis/Epithelial/output_complete_pipeline/checkpoint_complete_with_geps.h5ad
   Output: /home/h2048/data/py/1207/bbknn_celltype_analysis/Epithelial/annotation_results
Loading data...

✓ Data loaded
   Cells: 278,930
   Genes: 53,973
   Clusters: 29
   Batches: 22
Small batch analysis (threshold: 1000 cells):

Found 2 small batches:
  Lafyatis_Rojas_2019_10Xv2: 679 cells (0.243%)
  Lafyatis_Rojas_2019_10Xv1: 166 cells (0.060%)

✓ Flagged 845 cells from small batches (0.30%)

Small batch cells spread across 24 clusters
Top 5 clusters contain 84.6% of small batch cells:
  Cluster 8: 256 cells (30.3%)
  Cluster 25: 188 cells (22.2%)
  Cluster 14: 141 cells (16.7%)
  Cluster 28: 67 cells (7.9%)
  Cluster 4: 63 cells (7.5%)

⚠️  WARNING: Small batch cells highly concentrated in few clusters!
   These clusters may have batch-specific signals.
Low-usage GEP analysis (threshold: 2% mean usage):

Found 4 low-usage GEPs:

GEP_12_harmony:
  Mean usage: 0.015
  Max usage: 1.000
  Cells with >15% usage: 3816 (1.368%)
  Main clusters: {'21': 2496, '26': 495, '2': 436}

GEP_13_harmony:
  Mean usage: 0.011
  Max usage: 1.000
  Cells with >15% usage: 2747 (0.985%)
  Main clusters: {'19': 2318, '11': 131, '15': 64}

GEP_14_harmony:
  Mean usage: 0.015
  Max usage: 1.000
  Cells with >15% usage: 4856 (1.741%)
  Main clusters: {'19': 4271, '22': 183, '16': 161}

GEP_15_harmony:
  Mean usage: 0.010
  Max usage: 1.000
  Cells with >15% usage: 2232 (0.800%)
  Main clusters: {'27': 1978, '0': 40, '5': 30}

💡 These GEPs may represent rare cell types (Ionocyte, Tuft, etc.)
   Check their top genes for biological interpretation!
Checking for batch-dominated clusters...

⚠️  Found 1 batch-dominated clusters (>70% from one batch):

Cluster  Size    Dominant_Batch  Dominant_Pct  N_Batches
     23  3771 Weiqing_Wang_2022     97.295147         15

💡 These clusters may have batch-specific signals.
   Verify with marker genes and cross-batch validation!
Marker genes:
  Total defined: 168
  Available: 168 (100.0%)
Traceback (most recent call last):
  File "/home/h2048/script/py/Epithelial_Annotation_Analysis_v1.1.py", line 294, in <module>
    sc.pl.umap(adata, color='from_small_batch', ax=axes[1, 0], show=False,
  File "/home/h2048/miniconda3/envs/bbknn_env/lib/python3.9/site-packages/scanpy/plotting/_tools/scatterplots.py", line 674, in umap
    return embedding(adata, 'umap', **kwargs)
  File "/home/h2048/miniconda3/envs/bbknn_env/lib/python3.9/site-packages/scanpy/plotting/_tools/scatterplots.py", line 267, in embedding
    color_vector, categorical = _color_vector(
  File "/home/h2048/miniconda3/envs/bbknn_env/lib/python3.9/site-packages/scanpy/plotting/_tools/scatterplots.py", line 1230, in _color_vector
    for k, v in _get_palette(adata, values_key, palette=palette).items()
  File "/home/h2048/miniconda3/envs/bbknn_env/lib/python3.9/site-packages/scanpy/plotting/_tools/scatterplots.py", line 1190, in _get_palette
    _utils._set_colors_for_categorical_obs(adata, values_key, palette)
  File "/home/h2048/miniconda3/envs/bbknn_env/lib/python3.9/site-packages/scanpy/plotting/_utils.py", line 385, in _set_colors_for_categorical_obs
    categories = adata.obs[value_to_plot].cat.categories
  File "/home/h2048/miniconda3/envs/bbknn_env/lib/python3.9/site-packages/pandas/core/generic.py", line 5989, in __getattr__
    return object.__getattribute__(self, name)
  File "/home/h2048/miniconda3/envs/bbknn_env/lib/python3.9/site-packages/pandas/core/accessor.py", line 224, in __get__
    accessor_obj = self._accessor(obj)
  File "/home/h2048/miniconda3/envs/bbknn_env/lib/python3.9/site-packages/pandas/core/arrays/categorical.py", line 2445, in __init__
    self._validate(data)
  File "/home/h2048/miniconda3/envs/bbknn_env/lib/python3.9/site-packages/pandas/core/arrays/categorical.py", line 2454, in _validate
    raise AttributeError("Can only use .cat accessor with a 'category' dtype")
AttributeError: Can only use .cat accessor with a 'category' dtype
